// Jest Snapshot v1, https://goo.gl/fbAQLP

exports[`Folder should render correctly 1`] = `
ShallowWrapper {
  "length": 1,
  Symbol(enzyme.__root__): [Circular],
  Symbol(enzyme.__unrendered__): <Unknown />,
  Symbol(enzyme.__renderer__): Object {
    "batchedUpdates": [Function],
    "getNode": [Function],
    "render": [Function],
    "simulateEvent": [Function],
    "unmount": [Function],
  },
  Symbol(enzyme.__node__): Object {
    "instance": null,
    "key": undefined,
    "nodeType": "class",
    "props": Object {
      "children": Array [
        <FolderSection
          name="Favorites"
        />,
        <Folder
          icon={
            <FaInbox
              size={16}
            />
          }
          name="Inbox"
        />,
        <Folder
          icon={
            <FaPencil
              size={16}
            />
          }
          name="Drafts"
        />,
        <Folder
          icon={
            <FaListAlt
              size={16}
            />
          }
          name="Archive"
        />,
        <FolderLink
          name="Add favorite"
        />,
        <FolderSection
          name="Folders"
        />,
        <Folder
          icon={
            <FaInbox
              size={16}
            />
          }
          name="Inbox"
        />,
        <Folder
          icon={
            <FaBan
              size={16}
            />
          }
          name="Junk Email"
        />,
        <Folder
          icon={
            <FaPencil
              size={16}
            />
          }
          name="Drafts"
        />,
        <Folder
          icon={
            <FaArrowRight
              size={16}
            />
          }
          name="Sent Items"
        />,
        <Folder
          icon={
            <FaTrashO
              size={16}
            />
          }
          name="Deleted"
        />,
        <Folder
          icon={
            <FaListAlt
              size={16}
            />
          }
          name="Archive"
        />,
        <FolderLink
          name="New folder"
        />,
      ],
    },
    "ref": null,
    "rendered": Array [
      Object {
        "instance": null,
        "key": undefined,
        "nodeType": "function",
        "props": Object {
          "name": "Favorites",
        },
        "ref": null,
        "rendered": null,
        "type": [Function],
      },
      Object {
        "instance": null,
        "key": undefined,
        "nodeType": "function",
        "props": Object {
          "icon": <FaInbox
            size={16}
          />,
          "name": "Inbox",
        },
        "ref": null,
        "rendered": null,
        "type": [Function],
      },
      Object {
        "instance": null,
        "key": undefined,
        "nodeType": "function",
        "props": Object {
          "icon": <FaPencil
            size={16}
          />,
          "name": "Drafts",
        },
        "ref": null,
        "rendered": null,
        "type": [Function],
      },
      Object {
        "instance": null,
        "key": undefined,
        "nodeType": "function",
        "props": Object {
          "icon": <FaListAlt
            size={16}
          />,
          "name": "Archive",
        },
        "ref": null,
        "rendered": null,
        "type": [Function],
      },
      Object {
        "instance": null,
        "key": undefined,
        "nodeType": "function",
        "props": Object {
          "name": "Add favorite",
        },
        "ref": null,
        "rendered": null,
        "type": [Function],
      },
      Object {
        "instance": null,
        "key": undefined,
        "nodeType": "function",
        "props": Object {
          "name": "Folders",
        },
        "ref": null,
        "rendered": null,
        "type": [Function],
      },
      Object {
        "instance": null,
        "key": undefined,
        "nodeType": "function",
        "props": Object {
          "icon": <FaInbox
            size={16}
          />,
          "name": "Inbox",
        },
        "ref": null,
        "rendered": null,
        "type": [Function],
      },
      Object {
        "instance": null,
        "key": undefined,
        "nodeType": "function",
        "props": Object {
          "icon": <FaBan
            size={16}
          />,
          "name": "Junk Email",
        },
        "ref": null,
        "rendered": null,
        "type": [Function],
      },
      Object {
        "instance": null,
        "key": undefined,
        "nodeType": "function",
        "props": Object {
          "icon": <FaPencil
            size={16}
          />,
          "name": "Drafts",
        },
        "ref": null,
        "rendered": null,
        "type": [Function],
      },
      Object {
        "instance": null,
        "key": undefined,
        "nodeType": "function",
        "props": Object {
          "icon": <FaArrowRight
            size={16}
          />,
          "name": "Sent Items",
        },
        "ref": null,
        "rendered": null,
        "type": [Function],
      },
      Object {
        "instance": null,
        "key": undefined,
        "nodeType": "function",
        "props": Object {
          "icon": <FaTrashO
            size={16}
          />,
          "name": "Deleted",
        },
        "ref": null,
        "rendered": null,
        "type": [Function],
      },
      Object {
        "instance": null,
        "key": undefined,
        "nodeType": "function",
        "props": Object {
          "icon": <FaListAlt
            size={16}
          />,
          "name": "Archive",
        },
        "ref": null,
        "rendered": null,
        "type": [Function],
      },
      Object {
        "instance": null,
        "key": undefined,
        "nodeType": "function",
        "props": Object {
          "name": "New folder",
        },
        "ref": null,
        "rendered": null,
        "type": [Function],
      },
    ],
    "type": [Function],
  },
  Symbol(enzyme.__nodes__): Array [
    Object {
      "instance": null,
      "key": undefined,
      "nodeType": "class",
      "props": Object {
        "children": Array [
          <FolderSection
            name="Favorites"
          />,
          <Folder
            icon={
              <FaInbox
                size={16}
              />
            }
            name="Inbox"
          />,
          <Folder
            icon={
              <FaPencil
                size={16}
              />
            }
            name="Drafts"
          />,
          <Folder
            icon={
              <FaListAlt
                size={16}
              />
            }
            name="Archive"
          />,
          <FolderLink
            name="Add favorite"
          />,
          <FolderSection
            name="Folders"
          />,
          <Folder
            icon={
              <FaInbox
                size={16}
              />
            }
            name="Inbox"
          />,
          <Folder
            icon={
              <FaBan
                size={16}
              />
            }
            name="Junk Email"
          />,
          <Folder
            icon={
              <FaPencil
                size={16}
              />
            }
            name="Drafts"
          />,
          <Folder
            icon={
              <FaArrowRight
                size={16}
              />
            }
            name="Sent Items"
          />,
          <Folder
            icon={
              <FaTrashO
                size={16}
              />
            }
            name="Deleted"
          />,
          <Folder
            icon={
              <FaListAlt
                size={16}
              />
            }
            name="Archive"
          />,
          <FolderLink
            name="New folder"
          />,
        ],
      },
      "ref": null,
      "rendered": Array [
        Object {
          "instance": null,
          "key": undefined,
          "nodeType": "function",
          "props": Object {
            "name": "Favorites",
          },
          "ref": null,
          "rendered": null,
          "type": [Function],
        },
        Object {
          "instance": null,
          "key": undefined,
          "nodeType": "function",
          "props": Object {
            "icon": <FaInbox
              size={16}
            />,
            "name": "Inbox",
          },
          "ref": null,
          "rendered": null,
          "type": [Function],
        },
        Object {
          "instance": null,
          "key": undefined,
          "nodeType": "function",
          "props": Object {
            "icon": <FaPencil
              size={16}
            />,
            "name": "Drafts",
          },
          "ref": null,
          "rendered": null,
          "type": [Function],
        },
        Object {
          "instance": null,
          "key": undefined,
          "nodeType": "function",
          "props": Object {
            "icon": <FaListAlt
              size={16}
            />,
            "name": "Archive",
          },
          "ref": null,
          "rendered": null,
          "type": [Function],
        },
        Object {
          "instance": null,
          "key": undefined,
          "nodeType": "function",
          "props": Object {
            "name": "Add favorite",
          },
          "ref": null,
          "rendered": null,
          "type": [Function],
        },
        Object {
          "instance": null,
          "key": undefined,
          "nodeType": "function",
          "props": Object {
            "name": "Folders",
          },
          "ref": null,
          "rendered": null,
          "type": [Function],
        },
        Object {
          "instance": null,
          "key": undefined,
          "nodeType": "function",
          "props": Object {
            "icon": <FaInbox
              size={16}
            />,
            "name": "Inbox",
          },
          "ref": null,
          "rendered": null,
          "type": [Function],
        },
        Object {
          "instance": null,
          "key": undefined,
          "nodeType": "function",
          "props": Object {
            "icon": <FaBan
              size={16}
            />,
            "name": "Junk Email",
          },
          "ref": null,
          "rendered": null,
          "type": [Function],
        },
        Object {
          "instance": null,
          "key": undefined,
          "nodeType": "function",
          "props": Object {
            "icon": <FaPencil
              size={16}
            />,
            "name": "Drafts",
          },
          "ref": null,
          "rendered": null,
          "type": [Function],
        },
        Object {
          "instance": null,
          "key": undefined,
          "nodeType": "function",
          "props": Object {
            "icon": <FaArrowRight
              size={16}
            />,
            "name": "Sent Items",
          },
          "ref": null,
          "rendered": null,
          "type": [Function],
        },
        Object {
          "instance": null,
          "key": undefined,
          "nodeType": "function",
          "props": Object {
            "icon": <FaTrashO
              size={16}
            />,
            "name": "Deleted",
          },
          "ref": null,
          "rendered": null,
          "type": [Function],
        },
        Object {
          "instance": null,
          "key": undefined,
          "nodeType": "function",
          "props": Object {
            "icon": <FaListAlt
              size={16}
            />,
            "name": "Archive",
          },
          "ref": null,
          "rendered": null,
          "type": [Function],
        },
        Object {
          "instance": null,
          "key": undefined,
          "nodeType": "function",
          "props": Object {
            "name": "New folder",
          },
          "ref": null,
          "rendered": null,
          "type": [Function],
        },
      ],
      "type": [Function],
    },
  ],
  Symbol(enzyme.__options__): Object {
    "adapter": ReactSixteenAdapter {
      "options": Object {
        "enableComponentDidUpdateOnSetState": true,
      },
    },
  },
}
`;
