// Jest Snapshot v1, https://goo.gl/fbAQLP

exports[`VisibilityTile should render correctly 1`] = `
ShallowWrapper {
  "length": 1,
  Symbol(enzyme.__root__): [Circular],
  Symbol(enzyme.__unrendered__): <Unknown />,
  Symbol(enzyme.__renderer__): Object {
    "batchedUpdates": [Function],
    "getNode": [Function],
    "render": [Function],
    "simulateEvent": [Function],
    "unmount": [Function],
  },
  Symbol(enzyme.__node__): Object {
    "instance": null,
    "key": undefined,
    "nodeType": "class",
    "props": Object {
      "active": true,
      "children": [Function],
      "containment": null,
      "delayedCall": false,
      "intervalCheck": true,
      "intervalDelay": 100,
      "minTopValue": 0,
      "offset": Object {},
      "partialVisibility": false,
      "resizeCheck": false,
      "resizeDelay": 250,
      "resizeThrottle": -1,
      "scrollCheck": false,
      "scrollDelay": 250,
      "scrollThrottle": -1,
    },
    "ref": null,
    "rendered": [Function],
    "type": [Function],
  },
  Symbol(enzyme.__nodes__): Array [
    Object {
      "instance": null,
      "key": undefined,
      "nodeType": "class",
      "props": Object {
        "active": true,
        "children": [Function],
        "containment": null,
        "delayedCall": false,
        "intervalCheck": true,
        "intervalDelay": 100,
        "minTopValue": 0,
        "offset": Object {},
        "partialVisibility": false,
        "resizeCheck": false,
        "resizeDelay": 250,
        "resizeThrottle": -1,
        "scrollCheck": false,
        "scrollDelay": 250,
        "scrollThrottle": -1,
      },
      "ref": null,
      "rendered": [Function],
      "type": [Function],
    },
  ],
  Symbol(enzyme.__options__): Object {
    "adapter": ReactSixteenAdapter {
      "options": Object {
        "enableComponentDidUpdateOnSetState": true,
      },
    },
  },
}
`;
